
	$(includedir)/monetdb/monetdb_config.h
common/
common/stream/
	$(libdir)/libstream.so
common/options/
	$(includedir)/monetdb/monet_options.h
common/utils/
gdk/
	$(libdir)/libbat.so
mal/
mal/mal/
	$(includedir)/monetdb/mal_exception.h
	$(includedir)/monetdb/mal_type.h
	$(includedir)/monetdb/mal_errors.h
	$(includedir)/monetdb/mal_namespace.h
	$(includedir)/monetdb/mal_stack.h
	$(includedir)/monetdb/mal_instruction.h
	$(includedir)/monetdb/mal.h
mal/modules/
	$(libdir)/monetdb5/autoload/00_batcalc_hge.mal#HAVE_HGE
	$(libdir)/monetdb5/autoload/00_calc_hge.mal#HAVE_HGE
	$(libdir)/monetdb5/autoload/00_mkey_hge.mal#HAVE_HGE
	$(libdir)/monetdb5/autoload/00_aggr_hge.mal#HAVE_HGE
	$(libdir)/monetdb5/autoload/00_iterator_hge.mal#HAVE_HGE
	$(libdir)/monetdb5/autoload/00_language_hge.mal#HAVE_HGE
	$(libdir)/monetdb5/autoload/00_batExtensions_hge.mal#HAVE_HGE
	$(libdir)/monetdb5/autoload/01_batcalc.mal
	$(libdir)/monetdb5/autoload/01_calc.mal
	$(libdir)/monetdb5/batExtensions.mal
	$(libdir)/monetdb5/mal_init.mal
	$(libdir)/monetdb5/pcre.mal
	$(libdir)/monetdb5/iterator.mal
	$(libdir)/monetdb5/language.mal
	$(libdir)/monetdb5/aggr.mal
	$(libdir)/monetdb5/manifold.mal
	$(libdir)/monetdb5/blob.mal
	$(libdir)/monetdb5/bat5.mal
	$(libdir)/monetdb5/batmmath.mal
	$(libdir)/monetdb5/mmath.mal
	$(libdir)/monetdb5/mtime.mal
	$(libdir)/monetdb5/batstr.mal
	$(libdir)/monetdb5/sample.mal
	$(libdir)/monetdb5/mat.mal
	$(libdir)/monetdb5/mkey.mal
	$(libdir)/monetdb5/orderidx.mal
	$(libdir)/monetdb5/group.mal
	$(libdir)/monetdb5/str.mal
	$(libdir)/monetdb5/algebra.mal
	$(libdir)/monetdb5/batmtime.mal
mal/optimizer/
	$(libdir)/monetdb5/optimizer.mal
sql/
sql/include/
sql/common/
sql/storage/
sql/storage/bat/
sql/server/
sql/backends/
sql/backends/monet5/
	$(libdir)/monetdb5/lib_sql.so
	$(libdir)/monetdb5/autoload/40_sql.mal
	$(libdir)/monetdb5/sql_aggr_lng.mal
	$(libdir)/monetdb5/sql_inspect.mal
	$(libdir)/monetdb5/sql_aggr_flt.mal
	$(libdir)/monetdb5/sql_rank.mal
	$(libdir)/monetdb5/sql_aggr_int.mal
	$(libdir)/monetdb5/sql_aggr_bte.mal
	$(libdir)/monetdb5/sql_decimal.mal
	$(libdir)/monetdb5/sql_aggr_sht.mal
	$(libdir)/monetdb5/sql.mal
	$(libdir)/monetdb5/sql_aggr_dbl.mal
	$(libdir)/monetdb5/autoload/41_sql_hge.mal#HAVE_HGE
	$(libdir)/monetdb5/sql_aggr_hge.mal#HAVE_HGE
	$(libdir)/monetdb5/sql_hge.mal#HAVE_HGE
	$(libdir)/monetdb5/sql_decimal_hge.mal#HAVE_HGE
sql/scripts/
	$(libdir)/monetdb5/createdb/75_storagemodel.sql
	$(libdir)/monetdb5/createdb/27_rejects.sql
	$(libdir)/monetdb5/createdb/41_md5sum.sql
	$(libdir)/monetdb5/createdb/20_vacuum.sql
	$(libdir)/monetdb5/createdb/13_date.sql
	$(libdir)/monetdb5/createdb/51_sys_schema_extension.sql
	$(libdir)/monetdb5/createdb/18_index.sql
	$(libdir)/monetdb5/createdb/80_statistics.sql
	$(libdir)/monetdb5/createdb/15_querylog.sql
	$(libdir)/monetdb5/createdb/39_analytics.sql
	$(libdir)/monetdb5/createdb/46_profiler.sql
	$(libdir)/monetdb5/createdb/17_temporal.sql
	$(libdir)/monetdb5/createdb/10_math.sql
	$(libdir)/monetdb5/createdb/21_dependency_functions.sql
	$(libdir)/monetdb5/createdb/26_sysmon.sql
	$(libdir)/monetdb5/createdb/09_like.sql
	$(libdir)/monetdb5/createdb/22_clients.sql
	$(libdir)/monetdb5/createdb/16_tracelog.sql
	$(libdir)/monetdb5/createdb/11_times.sql
	$(libdir)/monetdb5/createdb/99_system.sql
	$(libdir)/monetdb5/createdb/25_debug.sql
	$(libdir)/monetdb5/createdb/39_analytics_hge.sql#HAVE_HGE
embedded/
	$(libdir)/libembedded.so
mapisplit/#HAVE_EMBEDDED_R
	$(libdir)/libmapisplit.so
